 gcc -g p7original.c
îº§ gdb a.out
GNU gdb (Ubuntu 8.1.1-0ubuntu1) 8.1.1
Copyright (C) 2018 Free Software Foundation, Inc.
License GPLv3+: GNU GPL version 3 or later <http://gnu.org/licenses/gpl.html>
This is free software: you are free to change and redistribute it.
There is NO WARRANTY, to the extent permitted by law.  Type "show copying"
and "show warranty" for details.
This GDB was configured as "x86_64-linux-gnu".
Type "show configuration" for configuration details.
For bug reporting instructions, please see:
<http://www.gnu.org/software/gdb/bugs/>.
Find the GDB manual and other documentation resources online at:
<http://www.gnu.org/software/gdb/documentation/>.
For help, type "help".
Type "apropos word" to search for commands related to "word"...
Reading symbols from a.out...done.
(gdb) b main
Breakpoint 1 at 0x828: file p7original.c, line 31.
(gdb) r
Starting program: /home/runner/pps-IA1-practice-6/a.out 
warning: Error disabling address space randomization: Operation not permitted

Breakpoint 1, main () at p7original.c:31
31    c1=input();
(gdb) n
enter the real part:9
enter the imaginary part:8
32    c2=input();
(gdb) n
enter the real part:8
enter the imaginary part:7
33    sum=add(c1,c2);
(gdb) n
34    output(sum);
(gdb) n
35    return 0;
(gdb) n
36  }
(gdb) n
__libc_start_main (main=0x55881c400820 <main>, argc=1, argv=0x7ffee21d49b8, 
    init=<optimized out>, fini=<optimized out>, rtld_fini=<optimized out>, 
    stack_end=0x7ffee21d49a8) at ../csu/libc-start.c:344
344 ../csu/libc-start.c: No such file or directory.
(gdb) n
the sum is 17.0+15.0i [Inferior 1 (process 87) exited normally]
(gdb) n
The program is not being run.
(gdb) 